20:01:10.662 compile TResult=LiteOrm.Tests.ConstFilterOrder converter=LiteOrm.SQLiteBuilder thread=4
20:01:10.682 compile TResult=LiteOrm.Tests.ConstFilterReadOnlyOrder converter=LiteOrm.SQLiteBuilder thread=4
20:01:10.684 compile TResult=LiteOrm.Tests.ConstFilterDept converter=LiteOrm.SQLiteBuilder thread=4
20:01:10.686 compile TResult=LiteOrm.Tests.ConstFilterOrderWithDept converter=LiteOrm.SQLiteBuilder thread=4
20:01:10.687 compile TResult=LiteOrm.Tests.ConstFilterOrderWithDeptInnerView converter=LiteOrm.SQLiteBuilder thread=4
20:01:10.690 compile TResult=LiteOrm.Tests.ConstFilterOrderWithDeptLeftView converter=LiteOrm.SQLiteBuilder thread=4
20:01:10.692 compile TResult=LiteOrm.Tests.SyncDecidingTestModel converter=LiteOrm.SQLiteBuilder thread=4
20:01:10.693 compile TResult=LiteOrm.Tests.NeverSyncTestModel converter=LiteOrm.SQLiteBuilder thread=4
20:01:10.694 compile TResult=LiteOrm.Tests.AlwaysSyncTestModel converter=LiteOrm.SQLiteBuilder thread=4
20:01:10.695 compile TResult=LiteOrm.Tests.TestJsonEntity converter=LiteOrm.SQLiteBuilder thread=4
20:01:10.697 compile TResult=LiteOrm.Tests.Models.TestShortIdentityEntity converter=LiteOrm.SQLiteBuilder thread=4
20:01:10.698 compile TResult=LiteOrm.Tests.Models.TestLongIdentityEntity converter=LiteOrm.SQLiteBuilder thread=4
20:01:10.701 compile TResult=LiteOrm.Tests.Models.TestCompositeKeyEntity converter=LiteOrm.SQLiteBuilder thread=4
20:01:10.702 compile TResult=LiteOrm.Tests.Models.TestDepartment converter=LiteOrm.SQLiteBuilder thread=4
20:01:10.703 compile TResult=LiteOrm.Tests.Models.TestDepartmentView converter=LiteOrm.SQLiteBuilder thread=4
20:01:10.705 compile TResult=LiteOrm.Tests.Models.TestTimestampUser converter=LiteOrm.SQLiteBuilder thread=4
20:01:10.706 compile TResult=LiteOrm.Tests.Models.TestUser converter=LiteOrm.SQLiteBuilder thread=4
20:01:10.709 compile TResult=LiteOrm.Tests.Models.TestUserView converter=LiteOrm.SQLiteBuilder thread=4
20:01:10.711 compile TResult=LiteOrm.Tests.ComputedColumnTests+ComputedUserModel converter=LiteOrm.SQLiteBuilder thread=4
20:01:10.712 compile TResult=LiteOrm.Tests.ComputedColumnTests+ComputedExprModel converter=LiteOrm.SQLiteBuilder thread=4
20:01:10.714 compile TResult=LiteOrm.Tests.DbValueTypeAndArrayTests+PgsqlArrayModel converter=LiteOrm.SQLiteBuilder thread=4
20:01:10.716 compile TResult=LiteOrm.Tests.RemoteWriteBackTests+User converter=LiteOrm.SQLiteBuilder thread=4
20:01:10.717 compile TResult=LiteOrm.Tests.BatchSqlConstFilterTests+BatchFilterModel converter=LiteOrm.SQLiteBuilder thread=4
20:01:10.718 compile TResult=LiteOrm.Tests.SqlBuilderTests+SqlBuilderDefaultValueModel converter=LiteOrm.SQLiteBuilder thread=4
20:01:10.719 compile TResult=LiteOrm.Tests.SqlBuilderTests+OracleNumericModel converter=LiteOrm.SQLiteBuilder thread=4
20:01:10.721 compile TResult=LiteOrm.Tests.SqlBuilderTests+IdentityStartValueModel converter=LiteOrm.SQLiteBuilder thread=4
20:01:10.722 compile TResult=LiteOrm.Common.UnitTests.ExprSqlConverterConstFilterTests+ConstFilterOrder converter=LiteOrm.SQLiteBuilder thread=4
20:01:10.724 compile TResult=LiteOrm.Common.UnitTests.ExprSqlConverterConstFilterTests+PlainJoinOrder converter=LiteOrm.SQLiteBuilder thread=4
20:01:10.725 compile TResult=LiteOrm.Common.UnitTests.ExprSqlConverterConstFilterTests+ConstFilterJoinOrder converter=LiteOrm.SQLiteBuilder thread=4
20:01:10.726 compile TResult=LiteOrm.Common.UnitTests.ExprSqlConverterConstFilterTests+ConstFilterJoinOrderView converter=LiteOrm.SQLiteBuilder thread=4
20:01:10.727 compile TResult=LiteOrm.Common.UnitTests.ExprSqlConverterConstFilterTests+ConstFilterDepartment converter=LiteOrm.SQLiteBuilder thread=4
20:01:10.728 compile TResult=LiteOrm.Common.UnitTests.ExprSqlConverterConstFilterTests+NonEnumConstFilterOrder converter=LiteOrm.SQLiteBuilder thread=4
20:01:10.729 compile TResult=LiteOrm.Common.UnitTests.AttributeTableInfoProviderTests+MultiForeignOrder converter=LiteOrm.SQLiteBuilder thread=4
20:01:10.730 compile TResult=LiteOrm.Common.UnitTests.AttributeTableInfoProviderTests+SingleForeignOrder converter=LiteOrm.SQLiteBuilder thread=4
20:01:10.731 compile TResult=LiteOrm.Common.UnitTests.AttributeTableInfoProviderTests+MultiForeignUser converter=LiteOrm.SQLiteBuilder thread=4
20:01:10.732 compile TResult=LiteOrm.Common.UnitTests.AttributeTableInfoProviderTests+MultiForeignDepartment converter=LiteOrm.SQLiteBuilder thread=4
20:01:10.732 compile TResult=LiteOrm.Common.UnitTests.AttributeTableInfoProviderTests+PrimeKeyDepartment converter=LiteOrm.SQLiteBuilder thread=4
20:01:10.733 compile TResult=LiteOrm.Common.UnitTests.AttributeTableInfoProviderTests+TableJoinPrimeKeyView converter=LiteOrm.SQLiteBuilder thread=4
20:01:10.734 compile TResult=LiteOrm.Common.UnitTests.AttributeTableInfoProviderTests+InvalidTableJoinPrimeKeyView converter=LiteOrm.SQLiteBuilder thread=4
20:01:10.772 compile TResult=LiteOrm.Common.UnitTests.AttributeTableInfoProviderTests+EnumNameConstantOrder converter=LiteOrm.SQLiteBuilder thread=4
20:01:10.773 compile TResult=LiteOrm.Common.UnitTests.AttributeTableInfoProviderTests+EnumIntConstantOrder converter=LiteOrm.SQLiteBuilder thread=4
20:01:10.774 compile TResult=LiteOrm.Common.UnitTests.AttributeTableInfoProviderTests+EnumMemberConstantOrder converter=LiteOrm.SQLiteBuilder thread=4
20:01:10.775 compile TResult=LiteOrm.Common.UnitTests.AttributeTableInfoProviderTests+IntStringConstantOrder converter=LiteOrm.SQLiteBuilder thread=4
20:01:10.776 compile TResult=LiteOrm.Common.UnitTests.AttributeTableInfoProviderTests+BoolConstantOrder converter=LiteOrm.SQLiteBuilder thread=4
20:01:10.778 compile TResult=LiteOrm.Common.UnitTests.AttributeTableInfoProviderTests+ConstFilterJoinOrder converter=LiteOrm.SQLiteBuilder thread=4
20:01:10.779 compile TResult=LiteOrm.Common.UnitTests.AttributeTableInfoProviderTests+ConstFilterDepartment converter=LiteOrm.SQLiteBuilder thread=4
20:01:10.893 compile TResult=LiteOrm.Common.UnitTests.AttributeTableInfoProviderTests+InvalidTableJoinPrimeKeyView converter=LiteOrm.SQLiteBuilder thread=17
20:01:11.543 compile TResult=LiteOrm.Common.UnitTests.AttributeTableInfoProviderTests+InvalidTableJoinPrimeKeyView converter=LiteOrm.MySqlBuilder thread=15
20:01:11.879 compile TResult=LiteOrm.Tests.ConstFilterOrder converter=LiteOrm.MySqlBuilder thread=4
20:01:11.912 compile TResult=LiteOrm.Tests.ConstFilterOrder converter=LiteOrm.MySqlBuilder thread=17
20:01:11.935 compile TResult=LiteOrm.Tests.ConstFilterOrder converter=LiteOrm.MySqlBuilder thread=6
20:01:11.938 compile TResult=LiteOrm.Tests.ConstFilterOrder converter=LiteOrm.MySqlBuilder thread=17
20:01:11.959 compile TResult=LiteOrm.Tests.ConstFilterOrder converter=LiteOrm.MySqlBuilder thread=6
20:01:11.980 compile TResult=LiteOrm.Tests.ConstFilterOrder converter=LiteOrm.MySqlBuilder thread=14
20:01:11.982 compile TResult=LiteOrm.Tests.ConstFilterOrder converter=LiteOrm.MySqlBuilder thread=6
20:01:11.983 compile TResult=LiteOrm.Tests.ConstFilterOrder converter=LiteOrm.MySqlBuilder thread=6
20:01:12.003 compile TResult=LiteOrm.Tests.ConstFilterReadOnlyOrder converter=LiteOrm.MySqlBuilder thread=6
20:01:12.043 compile TResult=LiteOrm.Tests.ConstFilterOrderWithDeptLeftView converter=LiteOrm.MySqlBuilder thread=14
20:01:12.047 compile TResult=LiteOrm.Tests.ConstFilterOrderWithDeptLeftView converter=LiteOrm.MySqlBuilder thread=17
20:01:12.077 compile TResult=LiteOrm.Tests.ConstFilterOrderWithDeptInnerView converter=LiteOrm.MySqlBuilder thread=14
20:01:12.099 compile TResult=LiteOrm.Tests.ConstFilterOrder converter=LiteOrm.MySqlBuilder thread=14
20:01:12.100 compile TResult=LiteOrm.Tests.ConstFilterOrder converter=LiteOrm.MySqlBuilder thread=6
20:01:12.293 compile TResult=LiteOrm.Tests.ComputedColumnTests+ComputedUserModel converter=LiteOrm.MySqlBuilder thread=17
20:01:12.313 compile TResult=LiteOrm.Tests.ComputedColumnTests+ComputedUserModel converter=LiteOrm.MySqlBuilder thread=15
20:01:12.352 compile TResult=LiteOrm.Tests.ComputedColumnTests+ComputedUserModel converter=LiteOrm.MySqlBuilder thread=4
20:01:12.375 compile TResult=LiteOrm.Tests.Models.TestUser converter=LiteOrm.MySqlBuilder thread=4
20:01:12.410 compile TResult=LiteOrm.Tests.Models.TestUser converter=LiteOrm.MySqlBuilder thread=4
20:01:12.436 compile TResult=LiteOrm.Tests.Models.TestUser converter=LiteOrm.MySqlBuilder thread=6
20:01:12.457 compile TResult=LiteOrm.Tests.Models.TestUser converter=LiteOrm.MySqlBuilder thread=6
20:01:12.535 compile TResult=LiteOrm.Tests.Models.TestUser converter=LiteOrm.MySqlBuilder thread=17
20:01:12.618 compile TResult=LiteOrm.Tests.Models.TestUser converter=LiteOrm.MySqlBuilder thread=4
20:01:12.632 compile TResult=LiteOrm.Tests.Models.TestUser converter=LiteOrm.MySqlBuilder thread=14
20:01:12.719 compile TResult=LiteOrm.Tests.Models.TestUser converter=LiteOrm.MySqlBuilder thread=17
20:01:12.739 compile TResult=LiteOrm.Tests.Models.TestUser converter=LiteOrm.MySqlBuilder thread=6
20:01:12.758 compile TResult=LiteOrm.Tests.Models.TestUser converter=LiteOrm.MySqlBuilder thread=6
20:01:12.825 compile TResult=LiteOrm.Tests.Models.TestUser converter=LiteOrm.MySqlBuilder thread=17
20:01:12.845 compile TResult=LiteOrm.Tests.Models.TestUserView converter=LiteOrm.MySqlBuilder thread=17
20:01:12.873 compile TResult=LiteOrm.Tests.Models.TestUser converter=LiteOrm.MySqlBuilder thread=17
20:01:12.895 compile TResult=LiteOrm.Tests.Models.TestUser converter=LiteOrm.MySqlBuilder thread=17
20:01:12.913 compile TResult=LiteOrm.Tests.Models.TestUser converter=LiteOrm.MySqlBuilder thread=14
20:01:12.938 compile TResult=LiteOrm.Tests.Models.TestUser converter=LiteOrm.MySqlBuilder thread=14
20:01:12.958 compile TResult=LiteOrm.Tests.Models.TestUser converter=LiteOrm.MySqlBuilder thread=14
20:01:12.993 compile TResult=LiteOrm.Tests.Models.TestUser converter=LiteOrm.MySqlBuilder thread=14
20:01:13.043 compile TResult=LiteOrm.Tests.Models.TestUser converter=LiteOrm.MySqlBuilder thread=4
20:01:13.076 compile TResult=LiteOrm.Tests.Models.TestUser converter=LiteOrm.MySqlBuilder thread=15
20:01:13.092 compile TResult=LiteOrm.Tests.Models.TestUser converter=LiteOrm.MySqlBuilder thread=4
20:01:13.111 compile TResult=LiteOrm.Tests.Models.TestUser converter=LiteOrm.MySqlBuilder thread=4
20:01:13.131 compile TResult=LiteOrm.Tests.Models.TestUserView converter=LiteOrm.MySqlBuilder thread=17
20:01:13.156 compile TResult=LiteOrm.Tests.Models.TestUser converter=LiteOrm.MySqlBuilder thread=15
20:01:13.185 compile TResult=LiteOrm.Tests.Models.TestUser converter=LiteOrm.MySqlBuilder thread=15
20:01:13.210 compile TResult=LiteOrm.Tests.Models.TestUser converter=LiteOrm.MySqlBuilder thread=14
20:01:13.228 compile TResult=LiteOrm.Tests.TestJsonEntity converter=LiteOrm.MySqlBuilder thread=14
20:01:13.246 compile TResult=LiteOrm.Tests.TestJsonEntity converter=LiteOrm.MySqlBuilder thread=14
20:01:13.257 compile TResult=LiteOrm.Tests.TestJsonEntity converter=LiteOrm.MySqlBuilder thread=14
20:01:13.259 compile TResult=LiteOrm.Tests.TestJsonEntity converter=LiteOrm.MySqlBuilder thread=4
20:01:13.292 compile TResult=LiteOrm.Tests.Models.TestUser converter=LiteOrm.MySqlBuilder thread=4
20:01:13.345 compile TResult=LiteOrm.Tests.Models.TestUser converter=LiteOrm.MySqlBuilder thread=15
20:01:13.407 compile TResult=LiteOrm.Tests.Models.TestUser converter=LiteOrm.MySqlBuilder thread=15
20:01:13.444 compile TResult=LiteOrm.Tests.Models.TestUser converter=LiteOrm.MySqlBuilder thread=17
20:01:13.471 compile TResult=LiteOrm.Tests.Models.TestUser converter=LiteOrm.MySqlBuilder thread=17
20:01:13.554 compile TResult=LiteOrm.Tests.Models.TestUser converter=LiteOrm.MySqlBuilder thread=14
20:01:13.574 compile TResult=LiteOrm.Tests.Models.TestUser converter=LiteOrm.MySqlBuilder thread=14
20:01:13.592 compile TResult=LiteOrm.Tests.Models.TestUser converter=LiteOrm.MySqlBuilder thread=14
20:01:13.608 compile TResult=LiteOrm.Tests.Models.TestUser converter=LiteOrm.MySqlBuilder thread=7
20:01:13.627 compile TResult=LiteOrm.Tests.Models.TestUser converter=LiteOrm.MySqlBuilder thread=15
20:01:13.651 compile TResult=LiteOrm.Tests.Models.TestUser converter=LiteOrm.MySqlBuilder thread=14
20:01:13.699 compile TResult=LiteOrm.Tests.Models.TestUserView converter=LiteOrm.MySqlBuilder thread=17
20:01:13.728 compile TResult=LiteOrm.Tests.Models.TestUserView converter=LiteOrm.MySqlBuilder thread=17
20:01:13.751 compile TResult=LiteOrm.Tests.Models.TestUserView converter=LiteOrm.MySqlBuilder thread=17
20:01:13.785 compile TResult=LiteOrm.Tests.Models.TestUserView converter=LiteOrm.MySqlBuilder thread=4
20:01:13.810 compile TResult=LiteOrm.Tests.Models.TestDepartment converter=LiteOrm.MySqlBuilder thread=4
20:01:13.869 compile TResult=LiteOrm.Tests.Models.TestLogView converter=LiteOrm.MySqlBuilder thread=4
20:01:13.873 compile TResult=LiteOrm.Tests.Models.TestLogView converter=LiteOrm.MySqlBuilder thread=4
20:01:13.890 compile TResult=LiteOrm.Tests.Models.TestUserView converter=LiteOrm.MySqlBuilder thread=4
20:01:13.908 compile TResult=LiteOrm.Tests.Models.TestUser converter=LiteOrm.MySqlBuilder thread=4
20:01:13.971 compile TResult=LiteOrm.Tests.Models.TestUser converter=LiteOrm.MySqlBuilder thread=17
20:01:13.988 compile TResult=LiteOrm.Tests.Models.TestUser converter=LiteOrm.MySqlBuilder thread=17
20:01:14.008 compile TResult=LiteOrm.Tests.Models.TestUserView converter=LiteOrm.MySqlBuilder thread=6
20:01:14.032 compile TResult=LiteOrm.Tests.Models.TestUser converter=LiteOrm.MySqlBuilder thread=4
20:01:14.059 compile TResult=LiteOrm.Tests.Models.TestDepartmentView converter=LiteOrm.MySqlBuilder thread=17
20:01:14.071 compile TResult=LiteOrm.Tests.Models.TestUser converter=LiteOrm.MySqlBuilder thread=6
20:01:14.091 compile TResult=LiteOrm.Tests.Models.TestUser converter=LiteOrm.MySqlBuilder thread=17
20:01:14.114 compile TResult=LiteOrm.Tests.Models.TestUser converter=LiteOrm.MySqlBuilder thread=17
20:01:14.142 compile TResult=LiteOrm.Tests.Models.TestLog converter=LiteOrm.MySqlBuilder thread=17
20:01:14.168 compile TResult=LiteOrm.Tests.Models.TestLog converter=LiteOrm.MySqlBuilder thread=17
20:01:14.170 compile TResult=LiteOrm.Tests.Models.TestLog converter=LiteOrm.MySqlBuilder thread=17
20:01:14.174 compile TResult=LiteOrm.Tests.Models.TestLog converter=LiteOrm.MySqlBuilder thread=17
20:01:14.218 compile TResult=LiteOrm.Common.UnitTests.AttributeTableInfoProviderTests+InvalidTableJoinPrimeKeyView converter=LiteOrm.SQLiteBuilder thread=17
20:01:14.253 compile TResult=LiteOrm.Tests.Models.TestUser converter=LiteOrm.MySqlBuilder thread=6
20:01:14.300 compile TResult=LiteOrm.Tests.Models.TestLog converter=LiteOrm.MySqlBuilder thread=6
20:01:14.316 compile TResult=LiteOrm.Tests.Models.TestUserView converter=LiteOrm.MySqlBuilder thread=4
20:01:14.337 compile TResult=LiteOrm.Tests.Models.TestLog converter=LiteOrm.MySqlBuilder thread=6
20:01:14.365 compile TResult=LiteOrm.Tests.Models.TestLog converter=LiteOrm.MySqlBuilder thread=14
20:01:14.382 compile TResult=LiteOrm.Tests.Models.TestUser converter=LiteOrm.MySqlBuilder thread=14
20:01:14.401 compile TResult=LiteOrm.Tests.Models.TestLog converter=LiteOrm.MySqlBuilder thread=14
20:01:14.445 compile TResult=LiteOrm.Tests.Models.TestUser converter=LiteOrm.MySqlBuilder thread=14
20:01:14.470 compile TResult=LiteOrm.Tests.Models.TestUserView converter=LiteOrm.MySqlBuilder thread=4
20:01:14.502 compile TResult=LiteOrm.Tests.Models.TestUser converter=LiteOrm.MySqlBuilder thread=4
20:01:14.519 compile TResult=LiteOrm.Tests.Models.TestUser converter=LiteOrm.MySqlBuilder thread=4
20:01:14.561 compile TResult=LiteOrm.Tests.Models.TestUser converter=LiteOrm.MySqlBuilder thread=14
20:01:14.579 compile TResult=LiteOrm.Tests.Models.TestUser converter=LiteOrm.MySqlBuilder thread=14
20:01:14.608 compile TResult=LiteOrm.Tests.Models.TestLog converter=LiteOrm.MySqlBuilder thread=14
20:01:14.627 compile TResult=LiteOrm.Tests.Models.TestLog converter=LiteOrm.MySqlBuilder thread=14
20:01:14.655 compile TResult=LiteOrm.Common.UnitTests.AttributeTableInfoProviderTests+InvalidTableJoinPrimeKeyView converter=LiteOrm.SQLiteBuilder thread=13
20:01:14.771 compile TResult=LiteOrm.Tests.Models.TestUser converter=LiteOrm.MySqlBuilder thread=14
20:01:14.800 compile TResult=LiteOrm.Tests.Models.TestUser converter=LiteOrm.MySqlBuilder thread=14
20:01:14.850 compile TResult=LiteOrm.Tests.Models.TestUser converter=LiteOrm.MySqlBuilder thread=14
20:01:14.883 compile TResult=LiteOrm.Tests.Models.TestUser converter=LiteOrm.MySqlBuilder thread=6
20:01:14.912 compile TResult=LiteOrm.Tests.Models.TestUser converter=LiteOrm.MySqlBuilder thread=6
20:01:14.931 compile TResult=LiteOrm.Tests.Models.TestUser converter=LiteOrm.MySqlBuilder thread=6
20:01:14.992 compile TResult=LiteOrm.Tests.Models.TestDepartment converter=LiteOrm.MySqlBuilder thread=6
20:01:15.026 compile TResult=LiteOrm.Tests.Models.TestUser converter=LiteOrm.MySqlBuilder thread=7
20:01:15.045 compile TResult=LiteOrm.Tests.Models.TestUser converter=LiteOrm.MySqlBuilder thread=7
20:01:15.111 compile TResult=LiteOrm.Tests.Models.TestUser converter=LiteOrm.MySqlBuilder thread=7
20:01:15.191 compile TResult=LiteOrm.Tests.Models.TestUser converter=LiteOrm.MySqlBuilder thread=7
20:01:15.215 compile TResult=LiteOrm.Tests.Models.TestUser converter=LiteOrm.MySqlBuilder thread=7
20:01:15.279 compile TResult=LiteOrm.Tests.Models.TestUser converter=LiteOrm.MySqlBuilder thread=7
20:01:15.297 compile TResult=LiteOrm.Tests.Models.TestLogView converter=LiteOrm.MySqlBuilder thread=15
20:01:15.320 compile TResult=LiteOrm.Tests.Models.TestUser converter=LiteOrm.MySqlBuilder thread=15
20:01:15.340 compile TResult=LiteOrm.Tests.Models.TestShortIdentityEntity converter=LiteOrm.MySqlBuilder thread=7
20:01:15.369 compile TResult=LiteOrm.Tests.Models.TestTimestampUser converter=LiteOrm.MySqlBuilder thread=14
20:01:15.371 compile TResult=LiteOrm.Tests.Models.TestTimestampUser converter=LiteOrm.MySqlBuilder thread=13
20:01:15.392 compile TResult=LiteOrm.Tests.Models.TestUser converter=LiteOrm.MySqlBuilder thread=13
20:01:15.418 compile TResult=LiteOrm.Tests.Models.TestUser converter=LiteOrm.MySqlBuilder thread=15
20:01:15.438 compile TResult=LiteOrm.Tests.Models.TestUser converter=LiteOrm.MySqlBuilder thread=6
20:01:15.457 compile TResult=LiteOrm.Tests.Models.TestLongIdentityEntity converter=LiteOrm.MySqlBuilder thread=7
20:01:15.492 compile TResult=LiteOrm.Tests.Models.TestCompositeKeyEntity converter=LiteOrm.MySqlBuilder thread=6
20:01:15.518 compile TResult=LiteOrm.Tests.Models.TestTimestampUser converter=LiteOrm.MySqlBuilder thread=15
20:01:15.520 compile TResult=LiteOrm.Tests.Models.TestTimestampUser converter=LiteOrm.MySqlBuilder thread=6
20:01:15.874 compile TResult=LiteOrm.Tests.Models.TestUser converter=LiteOrm.MySqlBuilder thread=7
20:01:15.942 compile TResult=LiteOrm.Tests.Models.TestUser converter=LiteOrm.MySqlBuilder thread=6
20:01:15.968 compile TResult=LiteOrm.Tests.Models.TestUser converter=LiteOrm.MySqlBuilder thread=6
20:01:16.002 compile TResult=LiteOrm.Tests.Models.TestUser converter=LiteOrm.MySqlBuilder thread=6
20:01:16.348 compile TResult=LiteOrm.Tests.ConstFilterOrder converter=LiteOrm.MySqlBuilder thread=6
20:01:16.351 compile TResult=LiteOrm.Tests.ConstFilterOrder converter=LiteOrm.MySqlBuilder thread=17
20:01:16.352 compile TResult=LiteOrm.Tests.ConstFilterOrder converter=LiteOrm.MySqlBuilder thread=17
20:01:16.353 compile TResult=LiteOrm.Tests.ConstFilterOrder converter=LiteOrm.MySqlBuilder thread=17
20:01:16.369 compile TResult=LiteOrm.Tests.ConstFilterOrder converter=LiteOrm.MySqlBuilder thread=17
20:01:16.385 compile TResult=LiteOrm.Tests.ConstFilterOrder converter=LiteOrm.MySqlBuilder thread=7
20:01:16.387 compile TResult=LiteOrm.Tests.ConstFilterOrder converter=LiteOrm.MySqlBuilder thread=17
20:01:16.406 compile TResult=LiteOrm.Tests.ConstFilterOrder converter=LiteOrm.MySqlBuilder thread=17
20:01:16.425 compile TResult=LiteOrm.Tests.ConstFilterOrder converter=LiteOrm.MySqlBuilder thread=7
20:01:16.448 compile TResult=LiteOrm.Tests.ConstFilterOrder converter=LiteOrm.MySqlBuilder thread=17
20:01:16.495 compile TResult=LiteOrm.Tests.Models.TestUser converter=LiteOrm.SQLiteBuilder thread=14
20:01:16.516 compile TResult=LiteOrm.Tests.Models.TestUser converter=LiteOrm.SQLiteBuilder thread=14
20:01:16.523 compile TResult=LiteOrm.Tests.Models.TestUser converter=LiteOrm.SQLiteBuilder thread=14
20:01:16.549 compile TResult=LiteOrm.Tests.Models.TestUser converter=LiteOrm.SQLiteBuilder thread=14
20:01:58.884 compile TResult=LiteOrm.Tests.ConstFilterOrder converter=LiteOrm.SQLiteBuilder thread=12
20:01:58.898 compile TResult=LiteOrm.Tests.ConstFilterReadOnlyOrder converter=LiteOrm.SQLiteBuilder thread=12
20:01:58.899 compile TResult=LiteOrm.Tests.ConstFilterDept converter=LiteOrm.SQLiteBuilder thread=12
20:01:58.901 compile TResult=LiteOrm.Tests.ConstFilterOrderWithDept converter=LiteOrm.SQLiteBuilder thread=12
20:01:58.903 compile TResult=LiteOrm.Tests.ConstFilterOrderWithDeptInnerView converter=LiteOrm.SQLiteBuilder thread=12
20:01:58.905 compile TResult=LiteOrm.Tests.ConstFilterOrderWithDeptLeftView converter=LiteOrm.SQLiteBuilder thread=12
20:01:58.906 compile TResult=LiteOrm.Tests.SyncDecidingTestModel converter=LiteOrm.SQLiteBuilder thread=12
20:01:58.907 compile TResult=LiteOrm.Tests.NeverSyncTestModel converter=LiteOrm.SQLiteBuilder thread=12
20:01:58.909 compile TResult=LiteOrm.Tests.AlwaysSyncTestModel converter=LiteOrm.SQLiteBuilder thread=12
20:01:58.909 compile TResult=LiteOrm.Tests.TestJsonEntity converter=LiteOrm.SQLiteBuilder thread=12
20:01:58.910 compile TResult=LiteOrm.Tests.Models.TestShortIdentityEntity converter=LiteOrm.SQLiteBuilder thread=12
20:01:58.912 compile TResult=LiteOrm.Tests.Models.TestLongIdentityEntity converter=LiteOrm.SQLiteBuilder thread=12
20:01:58.914 compile TResult=LiteOrm.Tests.Models.TestCompositeKeyEntity converter=LiteOrm.SQLiteBuilder thread=12
20:01:58.915 compile TResult=LiteOrm.Tests.Models.TestDepartment converter=LiteOrm.SQLiteBuilder thread=12
20:01:58.918 compile TResult=LiteOrm.Tests.Models.TestDepartmentView converter=LiteOrm.SQLiteBuilder thread=12
20:01:58.919 compile TResult=LiteOrm.Tests.Models.TestTimestampUser converter=LiteOrm.SQLiteBuilder thread=12
20:01:58.921 compile TResult=LiteOrm.Tests.Models.TestUser converter=LiteOrm.SQLiteBuilder thread=12
20:01:58.923 compile TResult=LiteOrm.Tests.Models.TestUserView converter=LiteOrm.SQLiteBuilder thread=12
20:01:58.925 compile TResult=LiteOrm.Tests.ComputedColumnTests+ComputedUserModel converter=LiteOrm.SQLiteBuilder thread=12
20:01:58.927 compile TResult=LiteOrm.Tests.ComputedColumnTests+ComputedExprModel converter=LiteOrm.SQLiteBuilder thread=12
20:01:58.930 compile TResult=LiteOrm.Tests.DbValueTypeAndArrayTests+PgsqlArrayModel converter=LiteOrm.SQLiteBuilder thread=12
20:01:58.932 compile TResult=LiteOrm.Tests.RemoteWriteBackTests+User converter=LiteOrm.SQLiteBuilder thread=12
20:01:58.934 compile TResult=LiteOrm.Tests.BatchSqlConstFilterTests+BatchFilterModel converter=LiteOrm.SQLiteBuilder thread=12
20:01:58.941 compile TResult=LiteOrm.Tests.SqlBuilderTests+SqlBuilderDefaultValueModel converter=LiteOrm.SQLiteBuilder thread=12
20:01:58.943 compile TResult=LiteOrm.Tests.SqlBuilderTests+OracleNumericModel converter=LiteOrm.SQLiteBuilder thread=12
20:01:58.945 compile TResult=LiteOrm.Tests.SqlBuilderTests+IdentityStartValueModel converter=LiteOrm.SQLiteBuilder thread=12
20:01:58.946 compile TResult=LiteOrm.Common.UnitTests.ExprSqlConverterConstFilterTests+ConstFilterOrder converter=LiteOrm.SQLiteBuilder thread=12
20:01:58.948 compile TResult=LiteOrm.Common.UnitTests.ExprSqlConverterConstFilterTests+PlainJoinOrder converter=LiteOrm.SQLiteBuilder thread=12
20:01:58.949 compile TResult=LiteOrm.Common.UnitTests.ExprSqlConverterConstFilterTests+ConstFilterJoinOrder converter=LiteOrm.SQLiteBuilder thread=12
20:01:58.950 compile TResult=LiteOrm.Common.UnitTests.ExprSqlConverterConstFilterTests+ConstFilterJoinOrderView converter=LiteOrm.SQLiteBuilder thread=12
20:01:58.951 compile TResult=LiteOrm.Common.UnitTests.ExprSqlConverterConstFilterTests+ConstFilterDepartment converter=LiteOrm.SQLiteBuilder thread=12
20:01:58.952 compile TResult=LiteOrm.Common.UnitTests.ExprSqlConverterConstFilterTests+NonEnumConstFilterOrder converter=LiteOrm.SQLiteBuilder thread=12
20:01:58.953 compile TResult=LiteOrm.Common.UnitTests.AttributeTableInfoProviderTests+MultiForeignOrder converter=LiteOrm.SQLiteBuilder thread=12
20:01:58.953 compile TResult=LiteOrm.Common.UnitTests.AttributeTableInfoProviderTests+SingleForeignOrder converter=LiteOrm.SQLiteBuilder thread=12
20:01:58.954 compile TResult=LiteOrm.Common.UnitTests.AttributeTableInfoProviderTests+MultiForeignUser converter=LiteOrm.SQLiteBuilder thread=12
20:01:58.955 compile TResult=LiteOrm.Common.UnitTests.AttributeTableInfoProviderTests+MultiForeignDepartment converter=LiteOrm.SQLiteBuilder thread=12
20:01:58.956 compile TResult=LiteOrm.Common.UnitTests.AttributeTableInfoProviderTests+PrimeKeyDepartment converter=LiteOrm.SQLiteBuilder thread=12
20:01:58.957 compile TResult=LiteOrm.Common.UnitTests.AttributeTableInfoProviderTests+TableJoinPrimeKeyView converter=LiteOrm.SQLiteBuilder thread=12
20:01:58.958 compile TResult=LiteOrm.Common.UnitTests.AttributeTableInfoProviderTests+InvalidTableJoinPrimeKeyView converter=LiteOrm.SQLiteBuilder thread=12
20:01:58.968 compile TResult=LiteOrm.Common.UnitTests.AttributeTableInfoProviderTests+EnumNameConstantOrder converter=LiteOrm.SQLiteBuilder thread=12
20:01:58.970 compile TResult=LiteOrm.Common.UnitTests.AttributeTableInfoProviderTests+EnumIntConstantOrder converter=LiteOrm.SQLiteBuilder thread=12
20:01:58.971 compile TResult=LiteOrm.Common.UnitTests.AttributeTableInfoProviderTests+EnumMemberConstantOrder converter=LiteOrm.SQLiteBuilder thread=12
20:01:58.972 compile TResult=LiteOrm.Common.UnitTests.AttributeTableInfoProviderTests+IntStringConstantOrder converter=LiteOrm.SQLiteBuilder thread=12
20:01:58.974 compile TResult=LiteOrm.Common.UnitTests.AttributeTableInfoProviderTests+BoolConstantOrder converter=LiteOrm.SQLiteBuilder thread=12
20:01:58.975 compile TResult=LiteOrm.Common.UnitTests.AttributeTableInfoProviderTests+ConstFilterJoinOrder converter=LiteOrm.SQLiteBuilder thread=12
20:01:58.976 compile TResult=LiteOrm.Common.UnitTests.AttributeTableInfoProviderTests+ConstFilterDepartment converter=LiteOrm.SQLiteBuilder thread=12
20:01:58.993 compile TResult=LiteOrm.Common.UnitTests.AttributeTableInfoProviderTests+InvalidTableJoinPrimeKeyView converter=LiteOrm.SQLiteBuilder thread=12
20:01:59.176 compile TResult=LiteOrm.Common.UnitTests.AttributeTableInfoProviderTests+InvalidTableJoinPrimeKeyView converter=LiteOrm.MySqlBuilder thread=6
20:01:59.616 compile TResult=LiteOrm.Tests.ConstFilterOrder converter=LiteOrm.MySqlBuilder thread=7
20:01:59.646 compile TResult=LiteOrm.Tests.ConstFilterOrder converter=LiteOrm.MySqlBuilder thread=15
20:01:59.670 compile TResult=LiteOrm.Tests.ConstFilterOrder converter=LiteOrm.MySqlBuilder thread=15
20:01:59.674 compile TResult=LiteOrm.Tests.ConstFilterOrder converter=LiteOrm.MySqlBuilder thread=7
20:01:59.691 compile TResult=LiteOrm.Tests.ConstFilterOrder converter=LiteOrm.MySqlBuilder thread=15
20:01:59.710 compile TResult=LiteOrm.Tests.ConstFilterOrder converter=LiteOrm.MySqlBuilder thread=6
20:01:59.713 compile TResult=LiteOrm.Tests.ConstFilterOrder converter=LiteOrm.MySqlBuilder thread=15
20:01:59.715 compile TResult=LiteOrm.Tests.ConstFilterOrder converter=LiteOrm.MySqlBuilder thread=15
20:01:59.732 compile TResult=LiteOrm.Tests.ConstFilterReadOnlyOrder converter=LiteOrm.MySqlBuilder thread=15
20:01:59.764 compile TResult=LiteOrm.Tests.ConstFilterOrderWithDeptLeftView converter=LiteOrm.MySqlBuilder thread=7
20:01:59.766 compile TResult=LiteOrm.Tests.ConstFilterOrderWithDeptLeftView converter=LiteOrm.MySqlBuilder thread=6
20:01:59.790 compile TResult=LiteOrm.Tests.ConstFilterOrderWithDeptInnerView converter=LiteOrm.MySqlBuilder thread=7
20:01:59.808 compile TResult=LiteOrm.Tests.ConstFilterOrder converter=LiteOrm.MySqlBuilder thread=19
20:01:59.809 compile TResult=LiteOrm.Tests.ConstFilterOrder converter=LiteOrm.MySqlBuilder thread=6
20:02:00.131 compile TResult=LiteOrm.Tests.ComputedColumnTests+ComputedUserModel converter=LiteOrm.MySqlBuilder thread=19
20:02:00.157 compile TResult=LiteOrm.Tests.ComputedColumnTests+ComputedUserModel converter=LiteOrm.MySqlBuilder thread=15
20:02:00.223 compile TResult=LiteOrm.Tests.ComputedColumnTests+ComputedUserModel converter=LiteOrm.MySqlBuilder thread=19
20:02:00.263 compile TResult=LiteOrm.Tests.Models.TestUser converter=LiteOrm.MySqlBuilder thread=19
20:02:00.312 compile TResult=LiteOrm.Tests.Models.TestUser converter=LiteOrm.MySqlBuilder thread=4
20:02:00.345 compile TResult=LiteOrm.Tests.Models.TestUser converter=LiteOrm.MySqlBuilder thread=19
20:02:00.372 compile TResult=LiteOrm.Tests.Models.TestUser converter=LiteOrm.MySqlBuilder thread=19
20:02:00.463 compile TResult=LiteOrm.Tests.Models.TestUser converter=LiteOrm.MySqlBuilder thread=19
20:02:00.551 compile TResult=LiteOrm.Tests.Models.TestUser converter=LiteOrm.MySqlBuilder thread=6
20:02:00.563 compile TResult=LiteOrm.Tests.Models.TestUser converter=LiteOrm.MySqlBuilder thread=6
20:02:00.644 compile TResult=LiteOrm.Tests.Models.TestUser converter=LiteOrm.MySqlBuilder thread=6
20:02:00.664 compile TResult=LiteOrm.Tests.Models.TestUser converter=LiteOrm.MySqlBuilder thread=7
20:02:00.683 compile TResult=LiteOrm.Tests.Models.TestUser converter=LiteOrm.MySqlBuilder thread=4
20:02:00.740 compile TResult=LiteOrm.Tests.Models.TestUser converter=LiteOrm.MySqlBuilder thread=6
20:02:00.763 compile TResult=LiteOrm.Tests.Models.TestUserView converter=LiteOrm.MySqlBuilder thread=6
20:02:00.791 compile TResult=LiteOrm.Tests.Models.TestUser converter=LiteOrm.MySqlBuilder thread=6
20:02:00.813 compile TResult=LiteOrm.Tests.Models.TestUser converter=LiteOrm.MySqlBuilder thread=6
20:02:00.830 compile TResult=LiteOrm.Tests.Models.TestUser converter=LiteOrm.MySqlBuilder thread=6
20:02:00.855 compile TResult=LiteOrm.Tests.Models.TestUser converter=LiteOrm.MySqlBuilder thread=12
20:02:00.872 compile TResult=LiteOrm.Tests.Models.TestUser converter=LiteOrm.MySqlBuilder thread=12
20:02:00.911 compile TResult=LiteOrm.Tests.Models.TestUser converter=LiteOrm.MySqlBuilder thread=17
20:02:00.975 compile TResult=LiteOrm.Tests.Models.TestUser converter=LiteOrm.MySqlBuilder thread=4
20:02:01.016 compile TResult=LiteOrm.Tests.Models.TestUser converter=LiteOrm.MySqlBuilder thread=12
20:02:01.036 compile TResult=LiteOrm.Tests.Models.TestUser converter=LiteOrm.MySqlBuilder thread=6
20:02:01.060 compile TResult=LiteOrm.Tests.Models.TestUser converter=LiteOrm.MySqlBuilder thread=15
20:02:01.082 compile TResult=LiteOrm.Tests.Models.TestUserView converter=LiteOrm.MySqlBuilder thread=15
20:02:01.109 compile TResult=LiteOrm.Tests.Models.TestUser converter=LiteOrm.MySqlBuilder thread=15
20:02:01.136 compile TResult=LiteOrm.Tests.Models.TestUser converter=LiteOrm.MySqlBuilder thread=7
20:02:01.158 compile TResult=LiteOrm.Tests.Models.TestUser converter=LiteOrm.MySqlBuilder thread=7
20:02:01.177 compile TResult=LiteOrm.Tests.TestJsonEntity converter=LiteOrm.MySqlBuilder thread=7
20:02:01.199 compile TResult=LiteOrm.Tests.TestJsonEntity converter=LiteOrm.MySqlBuilder thread=7
20:02:01.213 compile TResult=LiteOrm.Tests.TestJsonEntity converter=LiteOrm.MySqlBuilder thread=7
20:02:01.214 compile TResult=LiteOrm.Tests.TestJsonEntity converter=LiteOrm.MySqlBuilder thread=6
20:02:01.254 compile TResult=LiteOrm.Tests.Models.TestUser converter=LiteOrm.MySqlBuilder thread=6
20:02:01.311 compile TResult=LiteOrm.Tests.Models.TestUser converter=LiteOrm.MySqlBuilder thread=6
20:02:01.373 compile TResult=LiteOrm.Tests.Models.TestUser converter=LiteOrm.MySqlBuilder thread=6
20:02:01.416 compile TResult=LiteOrm.Tests.Models.TestUser converter=LiteOrm.MySqlBuilder thread=6
20:02:01.441 compile TResult=LiteOrm.Tests.Models.TestUser converter=LiteOrm.MySqlBuilder thread=6
20:02:01.518 compile TResult=LiteOrm.Tests.Models.TestUser converter=LiteOrm.MySqlBuilder thread=17
20:02:01.538 compile TResult=LiteOrm.Tests.Models.TestUser converter=LiteOrm.MySqlBuilder thread=17
20:02:01.554 compile TResult=LiteOrm.Tests.Models.TestUser converter=LiteOrm.MySqlBuilder thread=6
20:02:01.572 compile TResult=LiteOrm.Tests.Models.TestUser converter=LiteOrm.MySqlBuilder thread=6
20:02:01.589 compile TResult=LiteOrm.Tests.Models.TestUser converter=LiteOrm.MySqlBuilder thread=17
20:02:01.614 compile TResult=LiteOrm.Tests.Models.TestUser converter=LiteOrm.MySqlBuilder thread=17
20:02:01.655 compile TResult=LiteOrm.Tests.Models.TestUserView converter=LiteOrm.MySqlBuilder thread=19
20:02:01.684 compile TResult=LiteOrm.Tests.Models.TestUserView converter=LiteOrm.MySqlBuilder thread=19
20:02:01.704 compile TResult=LiteOrm.Tests.Models.TestUserView converter=LiteOrm.MySqlBuilder thread=19
20:02:01.736 compile TResult=LiteOrm.Tests.Models.TestUserView converter=LiteOrm.MySqlBuilder thread=12
20:02:01.763 compile TResult=LiteOrm.Tests.Models.TestDepartment converter=LiteOrm.MySqlBuilder thread=6
20:02:01.820 compile TResult=LiteOrm.Tests.Models.TestLogView converter=LiteOrm.MySqlBuilder thread=17
20:02:01.824 compile TResult=LiteOrm.Tests.Models.TestLogView converter=LiteOrm.MySqlBuilder thread=17
20:02:01.842 compile TResult=LiteOrm.Tests.Models.TestUserView converter=LiteOrm.MySqlBuilder thread=17
20:02:01.858 compile TResult=LiteOrm.Tests.Models.TestUser converter=LiteOrm.MySqlBuilder thread=17
20:02:01.920 compile TResult=LiteOrm.Tests.Models.TestUser converter=LiteOrm.MySqlBuilder thread=6
20:02:01.943 compile TResult=LiteOrm.Tests.Models.TestUser converter=LiteOrm.MySqlBuilder thread=6
20:02:01.962 compile TResult=LiteOrm.Tests.Models.TestUserView converter=LiteOrm.MySqlBuilder thread=17
20:02:01.985 compile TResult=LiteOrm.Tests.Models.TestUser converter=LiteOrm.MySqlBuilder thread=7
20:02:02.008 compile TResult=LiteOrm.Tests.Models.TestDepartmentView converter=LiteOrm.MySqlBuilder thread=19
20:02:02.021 compile TResult=LiteOrm.Tests.Models.TestUser converter=LiteOrm.MySqlBuilder thread=19
20:02:02.041 compile TResult=LiteOrm.Tests.Models.TestUser converter=LiteOrm.MySqlBuilder thread=17
20:02:02.061 compile TResult=LiteOrm.Tests.Models.TestUser converter=LiteOrm.MySqlBuilder thread=17
20:02:02.089 compile TResult=LiteOrm.Tests.Models.TestLog converter=LiteOrm.MySqlBuilder thread=4
20:02:02.117 compile TResult=LiteOrm.Tests.Models.TestLog converter=LiteOrm.MySqlBuilder thread=4
20:02:02.118 compile TResult=LiteOrm.Tests.Models.TestLog converter=LiteOrm.MySqlBuilder thread=4
20:02:02.123 compile TResult=LiteOrm.Tests.Models.TestLog converter=LiteOrm.MySqlBuilder thread=4
20:02:02.169 compile TResult=LiteOrm.Common.UnitTests.AttributeTableInfoProviderTests+InvalidTableJoinPrimeKeyView converter=LiteOrm.SQLiteBuilder thread=4
20:02:02.204 compile TResult=LiteOrm.Tests.Models.TestUser converter=LiteOrm.MySqlBuilder thread=17
20:02:02.251 compile TResult=LiteOrm.Tests.Models.TestLog converter=LiteOrm.MySqlBuilder thread=7
20:02:02.266 compile TResult=LiteOrm.Tests.Models.TestUserView converter=LiteOrm.MySqlBuilder thread=7
20:02:02.287 compile TResult=LiteOrm.Tests.Models.TestLog converter=LiteOrm.MySqlBuilder thread=7
20:02:02.313 compile TResult=LiteOrm.Tests.Models.TestLog converter=LiteOrm.MySqlBuilder thread=6
20:02:02.328 compile TResult=LiteOrm.Tests.Models.TestUser converter=LiteOrm.MySqlBuilder thread=6
20:02:02.347 compile TResult=LiteOrm.Tests.Models.TestLog converter=LiteOrm.MySqlBuilder thread=6
20:02:02.385 compile TResult=LiteOrm.Tests.Models.TestUser converter=LiteOrm.MySqlBuilder thread=6
20:02:02.406 compile TResult=LiteOrm.Tests.Models.TestUserView converter=LiteOrm.MySqlBuilder thread=7
20:02:02.431 compile TResult=LiteOrm.Tests.Models.TestUser converter=LiteOrm.MySqlBuilder thread=7
20:02:02.447 compile TResult=LiteOrm.Tests.Models.TestUser converter=LiteOrm.MySqlBuilder thread=6
20:02:02.490 compile TResult=LiteOrm.Tests.Models.TestUser converter=LiteOrm.MySqlBuilder thread=12
20:02:02.506 compile TResult=LiteOrm.Tests.Models.TestUser converter=LiteOrm.MySqlBuilder thread=12
20:02:02.528 compile TResult=LiteOrm.Tests.Models.TestLog converter=LiteOrm.MySqlBuilder thread=12
20:02:02.548 compile TResult=LiteOrm.Tests.Models.TestLog converter=LiteOrm.MySqlBuilder thread=7
20:02:02.572 compile TResult=LiteOrm.Common.UnitTests.AttributeTableInfoProviderTests+InvalidTableJoinPrimeKeyView converter=LiteOrm.SQLiteBuilder thread=6
20:02:02.689 compile TResult=LiteOrm.Tests.Models.TestUser converter=LiteOrm.MySqlBuilder thread=6
20:02:02.711 compile TResult=LiteOrm.Tests.Models.TestUser converter=LiteOrm.MySqlBuilder thread=6
20:02:02.767 compile TResult=LiteOrm.Tests.Models.TestUser converter=LiteOrm.MySqlBuilder thread=15
20:02:02.811 compile TResult=LiteOrm.Tests.Models.TestUser converter=LiteOrm.MySqlBuilder thread=6
20:02:02.839 compile TResult=LiteOrm.Tests.Models.TestUser converter=LiteOrm.MySqlBuilder thread=6
20:02:02.856 compile TResult=LiteOrm.Tests.Models.TestUser converter=LiteOrm.MySqlBuilder thread=6
20:02:02.914 compile TResult=LiteOrm.Tests.Models.TestDepartment converter=LiteOrm.MySqlBuilder thread=6
20:02:02.946 compile TResult=LiteOrm.Tests.Models.TestUser converter=LiteOrm.MySqlBuilder thread=7
20:02:02.962 compile TResult=LiteOrm.Tests.Models.TestUser converter=LiteOrm.MySqlBuilder thread=15
20:02:03.029 compile TResult=LiteOrm.Tests.Models.TestUser converter=LiteOrm.MySqlBuilder thread=15
20:02:03.105 compile TResult=LiteOrm.Tests.Models.TestUser converter=LiteOrm.MySqlBuilder thread=19
20:02:03.124 compile TResult=LiteOrm.Tests.Models.TestUser converter=LiteOrm.MySqlBuilder thread=19
20:02:03.180 compile TResult=LiteOrm.Tests.Models.TestUser converter=LiteOrm.MySqlBuilder thread=19
20:02:03.196 compile TResult=LiteOrm.Tests.Models.TestLogView converter=LiteOrm.MySqlBuilder thread=17
20:02:03.217 compile TResult=LiteOrm.Tests.Models.TestUser converter=LiteOrm.MySqlBuilder thread=17
20:02:03.237 compile TResult=LiteOrm.Tests.Models.TestShortIdentityEntity converter=LiteOrm.MySqlBuilder thread=17
20:02:03.267 compile TResult=LiteOrm.Tests.Models.TestTimestampUser converter=LiteOrm.MySqlBuilder thread=19
20:02:03.269 compile TResult=LiteOrm.Tests.Models.TestTimestampUser converter=LiteOrm.MySqlBuilder thread=6
20:02:03.284 compile TResult=LiteOrm.Tests.Models.TestUser converter=LiteOrm.MySqlBuilder thread=6
20:02:03.313 compile TResult=LiteOrm.Tests.Models.TestUser converter=LiteOrm.MySqlBuilder thread=19
20:02:03.330 compile TResult=LiteOrm.Tests.Models.TestUser converter=LiteOrm.MySqlBuilder thread=19
20:02:03.349 compile TResult=LiteOrm.Tests.Models.TestLongIdentityEntity converter=LiteOrm.MySqlBuilder thread=17
20:02:03.379 compile TResult=LiteOrm.Tests.Models.TestCompositeKeyEntity converter=LiteOrm.MySqlBuilder thread=6
20:02:03.407 compile TResult=LiteOrm.Tests.Models.TestTimestampUser converter=LiteOrm.MySqlBuilder thread=6
20:02:03.408 compile TResult=LiteOrm.Tests.Models.TestTimestampUser converter=LiteOrm.MySqlBuilder thread=17
20:02:03.732 compile TResult=LiteOrm.Tests.Models.TestUser converter=LiteOrm.MySqlBuilder thread=6
20:02:03.801 compile TResult=LiteOrm.Tests.Models.TestUser converter=LiteOrm.MySqlBuilder thread=6
20:02:03.825 compile TResult=LiteOrm.Tests.Models.TestUser converter=LiteOrm.MySqlBuilder thread=17
20:02:03.856 compile TResult=LiteOrm.Tests.Models.TestUser converter=LiteOrm.MySqlBuilder thread=17
20:02:04.161 compile TResult=LiteOrm.Tests.ConstFilterOrder converter=LiteOrm.MySqlBuilder thread=17
20:02:04.164 compile TResult=LiteOrm.Tests.ConstFilterOrder converter=LiteOrm.MySqlBuilder thread=19
20:02:04.165 compile TResult=LiteOrm.Tests.ConstFilterOrder converter=LiteOrm.MySqlBuilder thread=19
20:02:04.165 compile TResult=LiteOrm.Tests.ConstFilterOrder converter=LiteOrm.MySqlBuilder thread=19
20:02:04.184 compile TResult=LiteOrm.Tests.ConstFilterOrder converter=LiteOrm.MySqlBuilder thread=19
20:02:04.199 compile TResult=LiteOrm.Tests.ConstFilterOrder converter=LiteOrm.MySqlBuilder thread=15
20:02:04.200 compile TResult=LiteOrm.Tests.ConstFilterOrder converter=LiteOrm.MySqlBuilder thread=17
20:02:04.217 compile TResult=LiteOrm.Tests.ConstFilterOrder converter=LiteOrm.MySqlBuilder thread=17
20:02:04.235 compile TResult=LiteOrm.Tests.ConstFilterOrder converter=LiteOrm.MySqlBuilder thread=19
20:02:04.258 compile TResult=LiteOrm.Tests.ConstFilterOrder converter=LiteOrm.MySqlBuilder thread=15
20:02:04.460 compile TResult=LiteOrm.Tests.Models.TestUser converter=LiteOrm.SQLiteBuilder thread=12
20:02:04.481 compile TResult=LiteOrm.Tests.Models.TestUser converter=LiteOrm.SQLiteBuilder thread=12
20:02:04.487 compile TResult=LiteOrm.Tests.Models.TestUser converter=LiteOrm.SQLiteBuilder thread=12
20:02:04.512 compile TResult=LiteOrm.Tests.Models.TestUser converter=LiteOrm.SQLiteBuilder thread=12
